// Jest Snapshot v1, https://goo.gl/fbAQLP

exports[`IbanInput renders as expected 1`] = `"<div><label for=\\"iban\\">IBAN</label><div class=\\"MuiFormControl-root-1\\"><div class=\\"MuiInputBase-root-18 MuiInput-root-5 MuiInput-underline-9 MuiInputBase-formControl-19 MuiInput-formControl-6\\"><input type=\\"text\\" aria-invalid=\\"false\\" class=\\"MuiInputBase-input-28 MuiInput-input-13\\" id=\\"iban\\" placeholder=\\"ES12 1234 1234 1234 1234\\" value=\\"\\"/></div></div><p class=\\"iban-value\\"></p><p class=\\"iban-valid\\">true</p></div>"`;
